// Jest Snapshot v1, https://goo.gl/fbAQLP

exports[`AppComponent should create the app 1`] = `
<app-root
  title={[Function String]}
>
  <router-outlet />
</app-root>
`;
